    Blocking waiting for file lock on package cache
    Blocking waiting for file lock on package cache
    Blocking waiting for file lock on package cache
    Blocking waiting for file lock on package cache
   Compiling auth-framework v0.5.0-rc1 (C:\Users\cires\OneDrive\Documents\projects\AuthFramework)
    Finished `dev` profile [unoptimized + debuginfo] target(s) in 21.95s
warning: the following packages contain code that will be rejected by a future version of Rust: num-bigint-dig v0.8.4
note: to see what the problems were, use the option `--future-incompat-report`, or run `cargo report future-incompatibilities --id 2`
